CMD: python /__w/tkge-benchmark/tkge-benchmark/repos/HyTE/time_proj.py -name hyte_finreflect -margin 10 -l2 0.00 -neg_sample 5 -gpu  -epoch 1000 -test_freq 100 -batch 2500 -data_type yago -version large
here in main
WARNING:tensorflow:From /__w/tkge-benchmark/tkge-benchmark/repos/HyTE/time_proj.py:590: The name tf.set_random_seed is deprecated. Please use tf.compat.v1.set_random_seed instead.

WARNING:tensorflow:From /__w/tkge-benchmark/tkge-benchmark/repos/HyTE/time_proj.py:332: The name tf.placeholder is deprecated. Please use tf.compat.v1.placeholder instead.

WARNING:tensorflow:From /__w/tkge-benchmark/tkge-benchmark/repos/HyTE/time_proj.py:372: The name tf.get_variable is deprecated. Please use tf.compat.v1.get_variable instead.

WARNING:tensorflow:
The TensorFlow contrib module will not be included in TensorFlow 2.0.
For more information, please see:
  * https://github.com/tensorflow/community/blob/master/rfcs/20180907-contrib-sunset.md
  * https://github.com/tensorflow/addons
  * https://github.com/tensorflow/io (for I/O related ops)
If you depend on functionality not listed there, please file an issue.

WARNING:tensorflow:From /__w/tkge-benchmark/tkge-benchmark/repos/HyTE/time_proj.py:439: calling reduce_sum_v1 (from tensorflow.python.ops.math_ops) with keep_dims is deprecated and will be removed in a future version.
Instructions for updating:
keep_dims is deprecated, use keepdims instead
WARNING:tensorflow:From /__w/tkge-benchmark/tkge-benchmark/repos/HyTE/time_proj.py:460: The name tf.train.AdamOptimizer is deprecated. Please use tf.compat.v1.train.AdamOptimizer instead.

WARNING:tensorflow:From /usr/local/lib/python3.7/site-packages/tensorflow_core/python/ops/math_grad.py:1424: where (from tensorflow.python.ops.array_ops) is deprecated and will be removed in a future version.
Instructions for updating:
Use tf.where in 2.0, which has the same broadcast rule as np.where
/usr/local/lib/python3.7/site-packages/tensorflow_core/python/framework/indexed_slices.py:424: UserWarning: Converting sparse IndexedSlices to a dense Tensor of unknown shape. This may consume a large amount of memory.
  "Converting sparse IndexedSlices to a dense Tensor of unknown shape. "
WARNING:tensorflow:From /__w/tkge-benchmark/tkge-benchmark/repos/HyTE/time_proj.py:462: The name tf.assign is deprecated. Please use tf.compat.v1.assign instead.

WARNING:tensorflow:From /__w/tkge-benchmark/tkge-benchmark/repos/HyTE/time_proj.py:462: calling l2_normalize (from tensorflow.python.ops.nn_impl) with dim is deprecated and will be removed in a future version.
Instructions for updating:
dim is deprecated, use axis instead
WARNING:tensorflow:From /__w/tkge-benchmark/tkge-benchmark/repos/HyTE/time_proj.py:476: The name tf.summary.merge_all is deprecated. Please use tf.compat.v1.summary.merge_all instead.

model done
model object created
WARNING:tensorflow:From /__w/tkge-benchmark/tkge-benchmark/repos/HyTE/time_proj.py:596: The name tf.ConfigProto is deprecated. Please use tf.compat.v1.ConfigProto instead.

WARNING:tensorflow:From /__w/tkge-benchmark/tkge-benchmark/repos/HyTE/time_proj.py:598: The name tf.Session is deprecated. Please use tf.compat.v1.Session instead.

2026-06-11 20:25:52.003107: I tensorflow/core/platform/cpu_feature_guard.cc:142] Your CPU supports instructions that this TensorFlow binary was not compiled to use: AVX2 FMA
2026-06-11 20:25:52.006879: I tensorflow/core/platform/profile_utils/cpu_utils.cc:94] CPU Frequency: 2445430000 Hz
2026-06-11 20:25:52.007219: I tensorflow/compiler/xla/service/service.cc:168] XLA service 0x55634ab82f10 initialized for platform Host (this does not guarantee that XLA will be used). Devices:
2026-06-11 20:25:52.007250: I tensorflow/compiler/xla/service/service.cc:176]   StreamExecutor device (0): Host, Default Version
WARNING:tensorflow:From /__w/tkge-benchmark/tkge-benchmark/repos/HyTE/time_proj.py:599: The name tf.global_variables_initializer is deprecated. Please use tf.compat.v1.global_variables_initializer instead.

enter fitting
WARNING:tensorflow:From /__w/tkge-benchmark/tkge-benchmark/repos/HyTE/time_proj.py:494: The name tf.train.Saver is deprecated. Please use tf.compat.v1.train.Saver instead.

start fitting
Epoch 0	Loss 25052.50390625	 model hyte_finreflect
Epoch 50	Loss 16314.509765625	 model hyte_finreflect
Epoch 100	Loss 8681.7861328125	 model hyte_finreflect
0. no of valid_triples complete
Validation Ended
Epoch 150	Loss 4976.35400390625	 model hyte_finreflect
Epoch 200	Loss 3035.481201171875	 model hyte_finreflect
0. no of valid_triples complete
Validation Ended
Epoch 250	Loss 2128.121826171875	 model hyte_finreflect
Epoch 300	Loss 1606.4755859375	 model hyte_finreflect
0. no of valid_triples complete
Validation Ended
Epoch 350	Loss 1199.1922607421875	 model hyte_finreflect
Epoch 400	Loss 829.4850463867188	 model hyte_finreflect
0. no of valid_triples complete
Validation Ended
Epoch 450	Loss 542.8976440429688	 model hyte_finreflect
Epoch 500	Loss 345.7652893066406	 model hyte_finreflect
0. no of valid_triples complete
Validation Ended
Epoch 550	Loss 224.84103393554688	 model hyte_finreflect
Epoch 600	Loss 144.60830688476562	 model hyte_finreflect
0. no of valid_triples complete
Validation Ended
Epoch 650	Loss 86.94200897216797	 model hyte_finreflect
Epoch 700	Loss 57.15802001953125	 model hyte_finreflect
0. no of valid_triples complete
Validation Ended
Epoch 750	Loss 34.88175964355469	 model hyte_finreflect
Epoch 800	Loss 20.003206253051758	 model hyte_finreflect
0. no of valid_triples complete
Validation Ended
Epoch 850	Loss 11.357001304626465	 model hyte_finreflect
Epoch 900	Loss 7.621772289276123	 model hyte_finreflect
0. no of valid_triples complete
Validation Ended
Epoch 950	Loss 5.399692058563232	 model hyte_finreflect
hyte_finreflect
Epoch 100 : valid_tail rank 749.5736040609137	 valid_head rank 81.86802030456853
Epoch 100 : valid_tail HIT@10 4.060913705583756	 valid_head HIT@!) 65.48223350253807
------------------------------------------
Best Validation Epoch till now Epoch 100, tail rank: 749.5736040609137, head rank: 81.86802030456853
------------------------------------------
Epoch 200 : valid_tail rank 733.2131979695431	 valid_head rank 60.736040609137056
Epoch 200 : valid_tail HIT@10 5.0761421319796955	 valid_head HIT@!) 58.37563451776649
------------------------------------------
Best Validation Epoch till now Epoch 200, tail rank: 733.2131979695431, head rank: 60.736040609137056
------------------------------------------
Epoch 300 : valid_tail rank 704.6243654822335	 valid_head rank 58.68020304568528
Epoch 300 : valid_tail HIT@10 4.568527918781726	 valid_head HIT@!) 58.88324873096447
------------------------------------------
Best Validation Epoch till now Epoch 300, tail rank: 704.6243654822335, head rank: 58.68020304568528
------------------------------------------
Epoch 400 : valid_tail rank 679.2842639593908	 valid_head rank 64.59390862944161
Epoch 400 : valid_tail HIT@10 5.0761421319796955	 valid_head HIT@!) 63.45177664974619
------------------------------------------
Best Validation Epoch till now Epoch 400, tail rank: 679.2842639593908, head rank: 64.59390862944161
------------------------------------------
Epoch 500 : valid_tail rank 659.2335025380711	 valid_head rank 78.23857868020305
Epoch 500 : valid_tail HIT@10 5.0761421319796955	 valid_head HIT@!) 59.89847715736041
------------------------------------------
Best Validation Epoch till now Epoch 500, tail rank: 659.2335025380711, head rank: 78.23857868020305
------------------------------------------
Epoch 600 : valid_tail rank 652.4263959390863	 valid_head rank 85.23350253807106
Epoch 600 : valid_tail HIT@10 5.583756345177665	 valid_head HIT@!) 60.40609137055838
------------------------------------------
Best Validation Epoch till now Epoch 500, tail rank: 659.2335025380711, head rank: 78.23857868020305
------------------------------------------
Epoch 700 : valid_tail rank 648.3807106598985	 valid_head rank 90.67005076142132
Epoch 700 : valid_tail HIT@10 5.583756345177665	 valid_head HIT@!) 60.40609137055838
------------------------------------------
Best Validation Epoch till now Epoch 500, tail rank: 659.2335025380711, head rank: 78.23857868020305
------------------------------------------
Epoch 800 : valid_tail rank 647.2385786802031	 valid_head rank 95.05076142131979
Epoch 800 : valid_tail HIT@10 5.583756345177665	 valid_head HIT@!) 59.390862944162436
------------------------------------------
Best Validation Epoch till now Epoch 500, tail rank: 659.2335025380711, head rank: 78.23857868020305
------------------------------------------
Epoch 900 : valid_tail rank 645.9238578680203	 valid_head rank 97.56852791878173
Epoch 900 : valid_tail HIT@10 6.598984771573605	 valid_head HIT@!) 57.868020304568525
------------------------------------------
Best Validation Epoch till now Epoch 500, tail rank: 659.2335025380711, head rank: 78.23857868020305
------------------------------------------
BEST_VALID_EPOCH=500
CMD: python /__w/tkge-benchmark/tkge-benchmark/repos/HyTE/time_proj.py -res_epoch 500 -onlyTest -restore -name hyte_finreflect -margin 10 -l2 0.00 -neg_sample 5 -gpu  -batch 2500 -data_type yago -version large
here in main
WARNING:tensorflow:From /__w/tkge-benchmark/tkge-benchmark/repos/HyTE/time_proj.py:590: The name tf.set_random_seed is deprecated. Please use tf.compat.v1.set_random_seed instead.

WARNING:tensorflow:From /__w/tkge-benchmark/tkge-benchmark/repos/HyTE/time_proj.py:332: The name tf.placeholder is deprecated. Please use tf.compat.v1.placeholder instead.

WARNING:tensorflow:From /__w/tkge-benchmark/tkge-benchmark/repos/HyTE/time_proj.py:372: The name tf.get_variable is deprecated. Please use tf.compat.v1.get_variable instead.

WARNING:tensorflow:
The TensorFlow contrib module will not be included in TensorFlow 2.0.
For more information, please see:
  * https://github.com/tensorflow/community/blob/master/rfcs/20180907-contrib-sunset.md
  * https://github.com/tensorflow/addons
  * https://github.com/tensorflow/io (for I/O related ops)
If you depend on functionality not listed there, please file an issue.

WARNING:tensorflow:From /__w/tkge-benchmark/tkge-benchmark/repos/HyTE/time_proj.py:439: calling reduce_sum_v1 (from tensorflow.python.ops.math_ops) with keep_dims is deprecated and will be removed in a future version.
Instructions for updating:
keep_dims is deprecated, use keepdims instead
WARNING:tensorflow:From /__w/tkge-benchmark/tkge-benchmark/repos/HyTE/time_proj.py:460: The name tf.train.AdamOptimizer is deprecated. Please use tf.compat.v1.train.AdamOptimizer instead.

WARNING:tensorflow:From /usr/local/lib/python3.7/site-packages/tensorflow_core/python/ops/math_grad.py:1424: where (from tensorflow.python.ops.array_ops) is deprecated and will be removed in a future version.
Instructions for updating:
Use tf.where in 2.0, which has the same broadcast rule as np.where
/usr/local/lib/python3.7/site-packages/tensorflow_core/python/framework/indexed_slices.py:424: UserWarning: Converting sparse IndexedSlices to a dense Tensor of unknown shape. This may consume a large amount of memory.
  "Converting sparse IndexedSlices to a dense Tensor of unknown shape. "
WARNING:tensorflow:From /__w/tkge-benchmark/tkge-benchmark/repos/HyTE/time_proj.py:462: The name tf.assign is deprecated. Please use tf.compat.v1.assign instead.

WARNING:tensorflow:From /__w/tkge-benchmark/tkge-benchmark/repos/HyTE/time_proj.py:462: calling l2_normalize (from tensorflow.python.ops.nn_impl) with dim is deprecated and will be removed in a future version.
Instructions for updating:
dim is deprecated, use axis instead
WARNING:tensorflow:From /__w/tkge-benchmark/tkge-benchmark/repos/HyTE/time_proj.py:476: The name tf.summary.merge_all is deprecated. Please use tf.compat.v1.summary.merge_all instead.

model done
model object created
WARNING:tensorflow:From /__w/tkge-benchmark/tkge-benchmark/repos/HyTE/time_proj.py:596: The name tf.ConfigProto is deprecated. Please use tf.compat.v1.ConfigProto instead.

WARNING:tensorflow:From /__w/tkge-benchmark/tkge-benchmark/repos/HyTE/time_proj.py:598: The name tf.Session is deprecated. Please use tf.compat.v1.Session instead.

2026-06-11 20:27:21.697683: I tensorflow/core/platform/cpu_feature_guard.cc:142] Your CPU supports instructions that this TensorFlow binary was not compiled to use: AVX2 FMA
2026-06-11 20:27:21.701498: I tensorflow/core/platform/profile_utils/cpu_utils.cc:94] CPU Frequency: 2445430000 Hz
2026-06-11 20:27:21.701814: I tensorflow/compiler/xla/service/service.cc:168] XLA service 0x55e5333fbd20 initialized for platform Host (this does not guarantee that XLA will be used). Devices:
2026-06-11 20:27:21.701841: I tensorflow/compiler/xla/service/service.cc:176]   StreamExecutor device (0): Host, Default Version
WARNING:tensorflow:From /__w/tkge-benchmark/tkge-benchmark/repos/HyTE/time_proj.py:599: The name tf.global_variables_initializer is deprecated. Please use tf.compat.v1.global_variables_initializer instead.

enter fitting
WARNING:tensorflow:From /__w/tkge-benchmark/tkge-benchmark/repos/HyTE/time_proj.py:494: The name tf.train.Saver is deprecated. Please use tf.compat.v1.train.Saver instead.

start Testing
0. no of test_triples complete
Test ended
