CMD: python /__w/tkge-benchmark/tkge-benchmark/repos/HyTE/time_proj.py -name hyte_icews18 -margin 10 -l2 0.00 -neg_sample 5 -gpu  -epoch 1000 -test_freq 100 -batch 2500 -data_type yago -version large
here in main
WARNING:tensorflow:From /__w/tkge-benchmark/tkge-benchmark/repos/HyTE/time_proj.py:590: The name tf.set_random_seed is deprecated. Please use tf.compat.v1.set_random_seed instead.

WARNING:tensorflow:From /__w/tkge-benchmark/tkge-benchmark/repos/HyTE/time_proj.py:332: The name tf.placeholder is deprecated. Please use tf.compat.v1.placeholder instead.

WARNING:tensorflow:From /__w/tkge-benchmark/tkge-benchmark/repos/HyTE/time_proj.py:372: The name tf.get_variable is deprecated. Please use tf.compat.v1.get_variable instead.

WARNING:tensorflow:
The TensorFlow contrib module will not be included in TensorFlow 2.0.
For more information, please see:
  * https://github.com/tensorflow/community/blob/master/rfcs/20180907-contrib-sunset.md
  * https://github.com/tensorflow/addons
  * https://github.com/tensorflow/io (for I/O related ops)
If you depend on functionality not listed there, please file an issue.

WARNING:tensorflow:From /__w/tkge-benchmark/tkge-benchmark/repos/HyTE/time_proj.py:439: calling reduce_sum_v1 (from tensorflow.python.ops.math_ops) with keep_dims is deprecated and will be removed in a future version.
Instructions for updating:
keep_dims is deprecated, use keepdims instead
WARNING:tensorflow:From /__w/tkge-benchmark/tkge-benchmark/repos/HyTE/time_proj.py:460: The name tf.train.AdamOptimizer is deprecated. Please use tf.compat.v1.train.AdamOptimizer instead.

WARNING:tensorflow:From /usr/local/lib/python3.7/site-packages/tensorflow_core/python/ops/math_grad.py:1424: where (from tensorflow.python.ops.array_ops) is deprecated and will be removed in a future version.
Instructions for updating:
Use tf.where in 2.0, which has the same broadcast rule as np.where
/usr/local/lib/python3.7/site-packages/tensorflow_core/python/framework/indexed_slices.py:424: UserWarning: Converting sparse IndexedSlices to a dense Tensor of unknown shape. This may consume a large amount of memory.
  "Converting sparse IndexedSlices to a dense Tensor of unknown shape. "
WARNING:tensorflow:From /__w/tkge-benchmark/tkge-benchmark/repos/HyTE/time_proj.py:462: The name tf.assign is deprecated. Please use tf.compat.v1.assign instead.

WARNING:tensorflow:From /__w/tkge-benchmark/tkge-benchmark/repos/HyTE/time_proj.py:462: calling l2_normalize (from tensorflow.python.ops.nn_impl) with dim is deprecated and will be removed in a future version.
Instructions for updating:
dim is deprecated, use axis instead
WARNING:tensorflow:From /__w/tkge-benchmark/tkge-benchmark/repos/HyTE/time_proj.py:476: The name tf.summary.merge_all is deprecated. Please use tf.compat.v1.summary.merge_all instead.

model done
model object created
WARNING:tensorflow:From /__w/tkge-benchmark/tkge-benchmark/repos/HyTE/time_proj.py:596: The name tf.ConfigProto is deprecated. Please use tf.compat.v1.ConfigProto instead.

WARNING:tensorflow:From /__w/tkge-benchmark/tkge-benchmark/repos/HyTE/time_proj.py:598: The name tf.Session is deprecated. Please use tf.compat.v1.Session instead.

2026-06-11 20:25:49.387442: I tensorflow/core/platform/cpu_feature_guard.cc:142] Your CPU supports instructions that this TensorFlow binary was not compiled to use: AVX2 FMA
2026-06-11 20:25:49.391316: I tensorflow/core/platform/profile_utils/cpu_utils.cc:94] CPU Frequency: 2445425000 Hz
2026-06-11 20:25:49.391640: I tensorflow/compiler/xla/service/service.cc:168] XLA service 0x5585f0ec0f70 initialized for platform Host (this does not guarantee that XLA will be used). Devices:
2026-06-11 20:25:49.391670: I tensorflow/compiler/xla/service/service.cc:176]   StreamExecutor device (0): Host, Default Version
WARNING:tensorflow:From /__w/tkge-benchmark/tkge-benchmark/repos/HyTE/time_proj.py:599: The name tf.global_variables_initializer is deprecated. Please use tf.compat.v1.global_variables_initializer instead.

enter fitting
WARNING:tensorflow:From /__w/tkge-benchmark/tkge-benchmark/repos/HyTE/time_proj.py:494: The name tf.train.Saver is deprecated. Please use tf.compat.v1.train.Saver instead.

start fitting
Epoch 0	Loss 24912.578125	 model hyte_icews18
Epoch 50	Loss 16159.6796875	 model hyte_icews18
Epoch 100	Loss 7902.056640625	 model hyte_icews18
0. no of valid_triples complete
500. no of valid_triples complete
Validation Ended
Epoch 150	Loss 3520.4638671875	 model hyte_icews18
Epoch 200	Loss 1522.3477783203125	 model hyte_icews18
0. no of valid_triples complete
500. no of valid_triples complete
Validation Ended
Epoch 250	Loss 714.9369506835938	 model hyte_icews18
Epoch 300	Loss 373.9880676269531	 model hyte_icews18
0. no of valid_triples complete
500. no of valid_triples complete
Validation Ended
Epoch 350	Loss 211.7164764404297	 model hyte_icews18
Epoch 400	Loss 125.70987701416016	 model hyte_icews18
0. no of valid_triples complete
500. no of valid_triples complete
Validation Ended
Epoch 450	Loss 77.34019470214844	 model hyte_icews18
Epoch 500	Loss 49.0949592590332	 model hyte_icews18
0. no of valid_triples complete
500. no of valid_triples complete
Validation Ended
Epoch 550	Loss 32.028106689453125	 model hyte_icews18
Epoch 600	Loss 20.698896408081055	 model hyte_icews18
0. no of valid_triples complete
500. no of valid_triples complete
Validation Ended
Epoch 650	Loss 14.105252265930176	 model hyte_icews18
Epoch 700	Loss 10.070950508117676	 model hyte_icews18
0. no of valid_triples complete
500. no of valid_triples complete
Validation Ended
Epoch 750	Loss 7.068134784698486	 model hyte_icews18
Epoch 800	Loss 5.098082542419434	 model hyte_icews18
0. no of valid_triples complete
500. no of valid_triples complete
Validation Ended
Epoch 850	Loss 3.7604868412017822	 model hyte_icews18
Epoch 900	Loss 2.8039608001708984	 model hyte_icews18
0. no of valid_triples complete
500. no of valid_triples complete
Validation Ended
Epoch 950	Loss 1.9846559762954712	 model hyte_icews18
hyte_icews18
Epoch 100 : valid_tail rank 831.848	 valid_head rank 987.6768
Epoch 100 : valid_tail HIT@10 8.32	 valid_head HIT@!) 5.6000000000000005
------------------------------------------
Best Validation Epoch till now Epoch 100, tail rank: 831.848, head rank: 987.6768
------------------------------------------
Epoch 200 : valid_tail rank 758.3168	 valid_head rank 882.272
Epoch 200 : valid_tail HIT@10 13.919999999999998	 valid_head HIT@!) 9.6
------------------------------------------
Best Validation Epoch till now Epoch 200, tail rank: 758.3168, head rank: 882.272
------------------------------------------
Epoch 300 : valid_tail rank 879.8848	 valid_head rank 1001.6224
Epoch 300 : valid_tail HIT@10 12.479999999999999	 valid_head HIT@!) 8.64
------------------------------------------
Best Validation Epoch till now Epoch 200, tail rank: 758.3168, head rank: 882.272
------------------------------------------
Epoch 400 : valid_tail rank 949.8608	 valid_head rank 1051.5248
Epoch 400 : valid_tail HIT@10 12.959999999999999	 valid_head HIT@!) 9.6
------------------------------------------
Best Validation Epoch till now Epoch 200, tail rank: 758.3168, head rank: 882.272
------------------------------------------
Epoch 500 : valid_tail rank 989.4688	 valid_head rank 1076.6672
Epoch 500 : valid_tail HIT@10 13.44	 valid_head HIT@!) 9.120000000000001
------------------------------------------
Best Validation Epoch till now Epoch 200, tail rank: 758.3168, head rank: 882.272
------------------------------------------
Epoch 600 : valid_tail rank 1012.4992	 valid_head rank 1093.7664
Epoch 600 : valid_tail HIT@10 12.8	 valid_head HIT@!) 8.959999999999999
------------------------------------------
Best Validation Epoch till now Epoch 200, tail rank: 758.3168, head rank: 882.272
------------------------------------------
Epoch 700 : valid_tail rank 1035.1888	 valid_head rank 1111.2288
Epoch 700 : valid_tail HIT@10 12.479999999999999	 valid_head HIT@!) 7.84
------------------------------------------
Best Validation Epoch till now Epoch 200, tail rank: 758.3168, head rank: 882.272
------------------------------------------
Epoch 800 : valid_tail rank 1050.2496	 valid_head rank 1129.0128
Epoch 800 : valid_tail HIT@10 10.56	 valid_head HIT@!) 7.359999999999999
------------------------------------------
Best Validation Epoch till now Epoch 200, tail rank: 758.3168, head rank: 882.272
------------------------------------------
Epoch 900 : valid_tail rank 1065.6	 valid_head rank 1139.0912
Epoch 900 : valid_tail HIT@10 10.72	 valid_head HIT@!) 7.199999999999999
------------------------------------------
Best Validation Epoch till now Epoch 200, tail rank: 758.3168, head rank: 882.272
------------------------------------------
BEST_VALID_EPOCH=200
CMD: python /__w/tkge-benchmark/tkge-benchmark/repos/HyTE/time_proj.py -res_epoch 200 -onlyTest -restore -name hyte_icews18 -margin 10 -l2 0.00 -neg_sample 5 -gpu  -batch 2500 -data_type yago -version large
here in main
WARNING:tensorflow:From /__w/tkge-benchmark/tkge-benchmark/repos/HyTE/time_proj.py:590: The name tf.set_random_seed is deprecated. Please use tf.compat.v1.set_random_seed instead.

WARNING:tensorflow:From /__w/tkge-benchmark/tkge-benchmark/repos/HyTE/time_proj.py:332: The name tf.placeholder is deprecated. Please use tf.compat.v1.placeholder instead.

WARNING:tensorflow:From /__w/tkge-benchmark/tkge-benchmark/repos/HyTE/time_proj.py:372: The name tf.get_variable is deprecated. Please use tf.compat.v1.get_variable instead.

WARNING:tensorflow:
The TensorFlow contrib module will not be included in TensorFlow 2.0.
For more information, please see:
  * https://github.com/tensorflow/community/blob/master/rfcs/20180907-contrib-sunset.md
  * https://github.com/tensorflow/addons
  * https://github.com/tensorflow/io (for I/O related ops)
If you depend on functionality not listed there, please file an issue.

WARNING:tensorflow:From /__w/tkge-benchmark/tkge-benchmark/repos/HyTE/time_proj.py:439: calling reduce_sum_v1 (from tensorflow.python.ops.math_ops) with keep_dims is deprecated and will be removed in a future version.
Instructions for updating:
keep_dims is deprecated, use keepdims instead
WARNING:tensorflow:From /__w/tkge-benchmark/tkge-benchmark/repos/HyTE/time_proj.py:460: The name tf.train.AdamOptimizer is deprecated. Please use tf.compat.v1.train.AdamOptimizer instead.

WARNING:tensorflow:From /usr/local/lib/python3.7/site-packages/tensorflow_core/python/ops/math_grad.py:1424: where (from tensorflow.python.ops.array_ops) is deprecated and will be removed in a future version.
Instructions for updating:
Use tf.where in 2.0, which has the same broadcast rule as np.where
/usr/local/lib/python3.7/site-packages/tensorflow_core/python/framework/indexed_slices.py:424: UserWarning: Converting sparse IndexedSlices to a dense Tensor of unknown shape. This may consume a large amount of memory.
  "Converting sparse IndexedSlices to a dense Tensor of unknown shape. "
WARNING:tensorflow:From /__w/tkge-benchmark/tkge-benchmark/repos/HyTE/time_proj.py:462: The name tf.assign is deprecated. Please use tf.compat.v1.assign instead.

WARNING:tensorflow:From /__w/tkge-benchmark/tkge-benchmark/repos/HyTE/time_proj.py:462: calling l2_normalize (from tensorflow.python.ops.nn_impl) with dim is deprecated and will be removed in a future version.
Instructions for updating:
dim is deprecated, use axis instead
WARNING:tensorflow:From /__w/tkge-benchmark/tkge-benchmark/repos/HyTE/time_proj.py:476: The name tf.summary.merge_all is deprecated. Please use tf.compat.v1.summary.merge_all instead.

model done
model object created
WARNING:tensorflow:From /__w/tkge-benchmark/tkge-benchmark/repos/HyTE/time_proj.py:596: The name tf.ConfigProto is deprecated. Please use tf.compat.v1.ConfigProto instead.

WARNING:tensorflow:From /__w/tkge-benchmark/tkge-benchmark/repos/HyTE/time_proj.py:598: The name tf.Session is deprecated. Please use tf.compat.v1.Session instead.

2026-06-11 20:31:14.286026: I tensorflow/core/platform/cpu_feature_guard.cc:142] Your CPU supports instructions that this TensorFlow binary was not compiled to use: AVX2 FMA
2026-06-11 20:31:14.289815: I tensorflow/core/platform/profile_utils/cpu_utils.cc:94] CPU Frequency: 2445425000 Hz
2026-06-11 20:31:14.290145: I tensorflow/compiler/xla/service/service.cc:168] XLA service 0x55d1e8d42b90 initialized for platform Host (this does not guarantee that XLA will be used). Devices:
2026-06-11 20:31:14.290167: I tensorflow/compiler/xla/service/service.cc:176]   StreamExecutor device (0): Host, Default Version
WARNING:tensorflow:From /__w/tkge-benchmark/tkge-benchmark/repos/HyTE/time_proj.py:599: The name tf.global_variables_initializer is deprecated. Please use tf.compat.v1.global_variables_initializer instead.

enter fitting
WARNING:tensorflow:From /__w/tkge-benchmark/tkge-benchmark/repos/HyTE/time_proj.py:494: The name tf.train.Saver is deprecated. Please use tf.compat.v1.train.Saver instead.

start Testing
0. no of test_triples complete
500. no of test_triples complete
Test ended
