CMD: python /__w/tkge-benchmark/tkge-benchmark/repos/HyTE/time_proj.py -name hyte_interval_finreflect -margin 10 -l2 0.00 -neg_sample 5 -gpu  -epoch 1000 -test_freq 100 -batch 2500 -data_type yago -version large
here in main
WARNING:tensorflow:From /__w/tkge-benchmark/tkge-benchmark/repos/HyTE/time_proj.py:590: The name tf.set_random_seed is deprecated. Please use tf.compat.v1.set_random_seed instead.

WARNING:tensorflow:From /__w/tkge-benchmark/tkge-benchmark/repos/HyTE/time_proj.py:332: The name tf.placeholder is deprecated. Please use tf.compat.v1.placeholder instead.

WARNING:tensorflow:From /__w/tkge-benchmark/tkge-benchmark/repos/HyTE/time_proj.py:372: The name tf.get_variable is deprecated. Please use tf.compat.v1.get_variable instead.

WARNING:tensorflow:
The TensorFlow contrib module will not be included in TensorFlow 2.0.
For more information, please see:
  * https://github.com/tensorflow/community/blob/master/rfcs/20180907-contrib-sunset.md
  * https://github.com/tensorflow/addons
  * https://github.com/tensorflow/io (for I/O related ops)
If you depend on functionality not listed there, please file an issue.

WARNING:tensorflow:From /__w/tkge-benchmark/tkge-benchmark/repos/HyTE/time_proj.py:439: calling reduce_sum_v1 (from tensorflow.python.ops.math_ops) with keep_dims is deprecated and will be removed in a future version.
Instructions for updating:
keep_dims is deprecated, use keepdims instead
WARNING:tensorflow:From /__w/tkge-benchmark/tkge-benchmark/repos/HyTE/time_proj.py:460: The name tf.train.AdamOptimizer is deprecated. Please use tf.compat.v1.train.AdamOptimizer instead.

WARNING:tensorflow:From /usr/local/lib/python3.7/site-packages/tensorflow_core/python/ops/math_grad.py:1424: where (from tensorflow.python.ops.array_ops) is deprecated and will be removed in a future version.
Instructions for updating:
Use tf.where in 2.0, which has the same broadcast rule as np.where
/usr/local/lib/python3.7/site-packages/tensorflow_core/python/framework/indexed_slices.py:424: UserWarning: Converting sparse IndexedSlices to a dense Tensor of unknown shape. This may consume a large amount of memory.
  "Converting sparse IndexedSlices to a dense Tensor of unknown shape. "
WARNING:tensorflow:From /__w/tkge-benchmark/tkge-benchmark/repos/HyTE/time_proj.py:462: The name tf.assign is deprecated. Please use tf.compat.v1.assign instead.

WARNING:tensorflow:From /__w/tkge-benchmark/tkge-benchmark/repos/HyTE/time_proj.py:462: calling l2_normalize (from tensorflow.python.ops.nn_impl) with dim is deprecated and will be removed in a future version.
Instructions for updating:
dim is deprecated, use axis instead
WARNING:tensorflow:From /__w/tkge-benchmark/tkge-benchmark/repos/HyTE/time_proj.py:476: The name tf.summary.merge_all is deprecated. Please use tf.compat.v1.summary.merge_all instead.

model done
model object created
WARNING:tensorflow:From /__w/tkge-benchmark/tkge-benchmark/repos/HyTE/time_proj.py:596: The name tf.ConfigProto is deprecated. Please use tf.compat.v1.ConfigProto instead.

WARNING:tensorflow:From /__w/tkge-benchmark/tkge-benchmark/repos/HyTE/time_proj.py:598: The name tf.Session is deprecated. Please use tf.compat.v1.Session instead.

2026-06-18 15:40:45.122674: I tensorflow/core/platform/cpu_feature_guard.cc:142] Your CPU supports instructions that this TensorFlow binary was not compiled to use: AVX2 FMA
2026-06-18 15:40:45.126991: I tensorflow/core/platform/profile_utils/cpu_utils.cc:94] CPU Frequency: 2596130000 Hz
2026-06-18 15:40:45.127335: I tensorflow/compiler/xla/service/service.cc:168] XLA service 0x5627f7a3dea0 initialized for platform Host (this does not guarantee that XLA will be used). Devices:
2026-06-18 15:40:45.127363: I tensorflow/compiler/xla/service/service.cc:176]   StreamExecutor device (0): Host, Default Version
WARNING:tensorflow:From /__w/tkge-benchmark/tkge-benchmark/repos/HyTE/time_proj.py:599: The name tf.global_variables_initializer is deprecated. Please use tf.compat.v1.global_variables_initializer instead.

enter fitting
WARNING:tensorflow:From /__w/tkge-benchmark/tkge-benchmark/repos/HyTE/time_proj.py:494: The name tf.train.Saver is deprecated. Please use tf.compat.v1.train.Saver instead.

start fitting
Epoch 0	Loss 25041.15234375	 model hyte_interval_finreflect
Epoch 50	Loss 16346.7744140625	 model hyte_interval_finreflect
Epoch 100	Loss 8762.046875	 model hyte_interval_finreflect
0. no of valid_triples complete
Validation Ended
Epoch 150	Loss 5027.5517578125	 model hyte_interval_finreflect
Epoch 200	Loss 3119.5390625	 model hyte_interval_finreflect
0. no of valid_triples complete
Validation Ended
Epoch 250	Loss 2146.585693359375	 model hyte_interval_finreflect
Epoch 300	Loss 1535.017578125	 model hyte_interval_finreflect
0. no of valid_triples complete
Validation Ended
Epoch 350	Loss 1103.797607421875	 model hyte_interval_finreflect
Epoch 400	Loss 798.2017211914062	 model hyte_interval_finreflect
0. no of valid_triples complete
Validation Ended
Epoch 450	Loss 546.8594360351562	 model hyte_interval_finreflect
Epoch 500	Loss 373.07159423828125	 model hyte_interval_finreflect
0. no of valid_triples complete
Validation Ended
Epoch 550	Loss 255.8240966796875	 model hyte_interval_finreflect
Epoch 600	Loss 172.93942260742188	 model hyte_interval_finreflect
0. no of valid_triples complete
Validation Ended
Epoch 650	Loss 113.60731506347656	 model hyte_interval_finreflect
Epoch 700	Loss 69.95020294189453	 model hyte_interval_finreflect
0. no of valid_triples complete
Validation Ended
Epoch 750	Loss 45.58585739135742	 model hyte_interval_finreflect
Epoch 800	Loss 31.082956314086914	 model hyte_interval_finreflect
0. no of valid_triples complete
Validation Ended
Epoch 850	Loss 21.53645133972168	 model hyte_interval_finreflect
Epoch 900	Loss 13.188508033752441	 model hyte_interval_finreflect
0. no of valid_triples complete
Validation Ended
Epoch 950	Loss 9.65626049041748	 model hyte_interval_finreflect
hyte_interval_finreflect
Epoch 100 : valid_tail rank 774.6395939086294	 valid_head rank 81.54314720812182
Epoch 100 : valid_tail HIT@10 4.568527918781726	 valid_head HIT@!) 63.45177664974619
------------------------------------------
Best Validation Epoch till now Epoch 100, tail rank: 774.6395939086294, head rank: 81.54314720812182
------------------------------------------
Epoch 200 : valid_tail rank 749.3756345177665	 valid_head rank 62.558375634517766
Epoch 200 : valid_tail HIT@10 5.0761421319796955	 valid_head HIT@!) 59.390862944162436
------------------------------------------
Best Validation Epoch till now Epoch 200, tail rank: 749.3756345177665, head rank: 62.558375634517766
------------------------------------------
Epoch 300 : valid_tail rank 721.4771573604061	 valid_head rank 64.19796954314721
Epoch 300 : valid_tail HIT@10 5.583756345177665	 valid_head HIT@!) 57.360406091370564
------------------------------------------
Best Validation Epoch till now Epoch 300, tail rank: 721.4771573604061, head rank: 64.19796954314721
------------------------------------------
Epoch 400 : valid_tail rank 696.989847715736	 valid_head rank 75.37055837563452
Epoch 400 : valid_tail HIT@10 5.583756345177665	 valid_head HIT@!) 60.40609137055838
------------------------------------------
Best Validation Epoch till now Epoch 400, tail rank: 696.989847715736, head rank: 75.37055837563452
------------------------------------------
Epoch 500 : valid_tail rank 684.994923857868	 valid_head rank 88.28934010152284
Epoch 500 : valid_tail HIT@10 6.091370558375635	 valid_head HIT@!) 58.88324873096447
------------------------------------------
Best Validation Epoch till now Epoch 400, tail rank: 696.989847715736, head rank: 75.37055837563452
------------------------------------------
Epoch 600 : valid_tail rank 670.3807106598985	 valid_head rank 96.9238578680203
Epoch 600 : valid_tail HIT@10 6.091370558375635	 valid_head HIT@!) 59.390862944162436
------------------------------------------
Best Validation Epoch till now Epoch 600, tail rank: 670.3807106598985, head rank: 96.9238578680203
------------------------------------------
Epoch 700 : valid_tail rank 662.0203045685279	 valid_head rank 101.99492385786802
Epoch 700 : valid_tail HIT@10 5.583756345177665	 valid_head HIT@!) 59.390862944162436
------------------------------------------
Best Validation Epoch till now Epoch 700, tail rank: 662.0203045685279, head rank: 101.99492385786802
------------------------------------------
Epoch 800 : valid_tail rank 657.274111675127	 valid_head rank 106.39086294416244
Epoch 800 : valid_tail HIT@10 6.091370558375635	 valid_head HIT@!) 58.37563451776649
------------------------------------------
Best Validation Epoch till now Epoch 800, tail rank: 657.274111675127, head rank: 106.39086294416244
------------------------------------------
Epoch 900 : valid_tail rank 653.2335025380711	 valid_head rank 108.86294416243655
Epoch 900 : valid_tail HIT@10 5.583756345177665	 valid_head HIT@!) 57.868020304568525
------------------------------------------
Best Validation Epoch till now Epoch 900, tail rank: 653.2335025380711, head rank: 108.86294416243655
------------------------------------------
BEST_VALID_EPOCH=900
CMD: python /__w/tkge-benchmark/tkge-benchmark/repos/HyTE/time_proj.py -res_epoch 900 -onlyTest -restore -name hyte_interval_finreflect -margin 10 -l2 0.00 -neg_sample 5 -gpu  -batch 2500 -data_type yago -version large
here in main
WARNING:tensorflow:From /__w/tkge-benchmark/tkge-benchmark/repos/HyTE/time_proj.py:590: The name tf.set_random_seed is deprecated. Please use tf.compat.v1.set_random_seed instead.

WARNING:tensorflow:From /__w/tkge-benchmark/tkge-benchmark/repos/HyTE/time_proj.py:332: The name tf.placeholder is deprecated. Please use tf.compat.v1.placeholder instead.

WARNING:tensorflow:From /__w/tkge-benchmark/tkge-benchmark/repos/HyTE/time_proj.py:372: The name tf.get_variable is deprecated. Please use tf.compat.v1.get_variable instead.

WARNING:tensorflow:
The TensorFlow contrib module will not be included in TensorFlow 2.0.
For more information, please see:
  * https://github.com/tensorflow/community/blob/master/rfcs/20180907-contrib-sunset.md
  * https://github.com/tensorflow/addons
  * https://github.com/tensorflow/io (for I/O related ops)
If you depend on functionality not listed there, please file an issue.

WARNING:tensorflow:From /__w/tkge-benchmark/tkge-benchmark/repos/HyTE/time_proj.py:439: calling reduce_sum_v1 (from tensorflow.python.ops.math_ops) with keep_dims is deprecated and will be removed in a future version.
Instructions for updating:
keep_dims is deprecated, use keepdims instead
WARNING:tensorflow:From /__w/tkge-benchmark/tkge-benchmark/repos/HyTE/time_proj.py:460: The name tf.train.AdamOptimizer is deprecated. Please use tf.compat.v1.train.AdamOptimizer instead.

WARNING:tensorflow:From /usr/local/lib/python3.7/site-packages/tensorflow_core/python/ops/math_grad.py:1424: where (from tensorflow.python.ops.array_ops) is deprecated and will be removed in a future version.
Instructions for updating:
Use tf.where in 2.0, which has the same broadcast rule as np.where
/usr/local/lib/python3.7/site-packages/tensorflow_core/python/framework/indexed_slices.py:424: UserWarning: Converting sparse IndexedSlices to a dense Tensor of unknown shape. This may consume a large amount of memory.
  "Converting sparse IndexedSlices to a dense Tensor of unknown shape. "
WARNING:tensorflow:From /__w/tkge-benchmark/tkge-benchmark/repos/HyTE/time_proj.py:462: The name tf.assign is deprecated. Please use tf.compat.v1.assign instead.

WARNING:tensorflow:From /__w/tkge-benchmark/tkge-benchmark/repos/HyTE/time_proj.py:462: calling l2_normalize (from tensorflow.python.ops.nn_impl) with dim is deprecated and will be removed in a future version.
Instructions for updating:
dim is deprecated, use axis instead
WARNING:tensorflow:From /__w/tkge-benchmark/tkge-benchmark/repos/HyTE/time_proj.py:476: The name tf.summary.merge_all is deprecated. Please use tf.compat.v1.summary.merge_all instead.

model done
model object created
WARNING:tensorflow:From /__w/tkge-benchmark/tkge-benchmark/repos/HyTE/time_proj.py:596: The name tf.ConfigProto is deprecated. Please use tf.compat.v1.ConfigProto instead.

WARNING:tensorflow:From /__w/tkge-benchmark/tkge-benchmark/repos/HyTE/time_proj.py:598: The name tf.Session is deprecated. Please use tf.compat.v1.Session instead.

2026-06-18 15:42:25.731253: I tensorflow/core/platform/cpu_feature_guard.cc:142] Your CPU supports instructions that this TensorFlow binary was not compiled to use: AVX2 FMA
2026-06-18 15:42:25.735743: I tensorflow/core/platform/profile_utils/cpu_utils.cc:94] CPU Frequency: 2596130000 Hz
2026-06-18 15:42:25.736068: I tensorflow/compiler/xla/service/service.cc:168] XLA service 0x564a4a1ecb00 initialized for platform Host (this does not guarantee that XLA will be used). Devices:
2026-06-18 15:42:25.736096: I tensorflow/compiler/xla/service/service.cc:176]   StreamExecutor device (0): Host, Default Version
WARNING:tensorflow:From /__w/tkge-benchmark/tkge-benchmark/repos/HyTE/time_proj.py:599: The name tf.global_variables_initializer is deprecated. Please use tf.compat.v1.global_variables_initializer instead.

enter fitting
WARNING:tensorflow:From /__w/tkge-benchmark/tkge-benchmark/repos/HyTE/time_proj.py:494: The name tf.train.Saver is deprecated. Please use tf.compat.v1.train.Saver instead.

start Testing
0. no of test_triples complete
Test ended
