CMD[sel]: python time_proj_tdns_scope.py -name scope_year_sel -margin 10 -l2 0.00 -neg_sample 5 -gpu  -batch 2500 -seed 1234 -epoch 1000 -test_freq 100 -data_type yago -version large
here in main
WARNING:tensorflow:From /__w/tkge-benchmark/tkge-benchmark/repos/HyTE/time_proj_tdns_scope.py:666: The name tf.set_random_seed is deprecated. Please use tf.compat.v1.set_random_seed instead.

WARNING:tensorflow:From /__w/tkge-benchmark/tkge-benchmark/repos/HyTE/time_proj_tdns_scope.py:427: The name tf.placeholder is deprecated. Please use tf.compat.v1.placeholder instead.

WARNING:tensorflow:From /__w/tkge-benchmark/tkge-benchmark/repos/HyTE/time_proj_tdns_scope.py:435: The name tf.placeholder_with_default is deprecated. Please use tf.compat.v1.placeholder_with_default instead.

WARNING:tensorflow:From /__w/tkge-benchmark/tkge-benchmark/repos/HyTE/time_proj_tdns_scope.py:468: The name tf.get_variable is deprecated. Please use tf.compat.v1.get_variable instead.

WARNING:tensorflow:
The TensorFlow contrib module will not be included in TensorFlow 2.0.
For more information, please see:
  * https://github.com/tensorflow/community/blob/master/rfcs/20180907-contrib-sunset.md
  * https://github.com/tensorflow/addons
  * https://github.com/tensorflow/io (for I/O related ops)
If you depend on functionality not listed there, please file an issue.

WARNING:tensorflow:From /__w/tkge-benchmark/tkge-benchmark/repos/HyTE/time_proj_tdns_scope.py:511: calling reduce_sum_v1 (from tensorflow.python.ops.math_ops) with keep_dims is deprecated and will be removed in a future version.
Instructions for updating:
keep_dims is deprecated, use keepdims instead
WARNING:tensorflow:From /__w/tkge-benchmark/tkge-benchmark/repos/HyTE/time_proj_tdns_scope.py:526: The name tf.train.AdamOptimizer is deprecated. Please use tf.compat.v1.train.AdamOptimizer instead.

WARNING:tensorflow:From /usr/local/lib/python3.7/site-packages/tensorflow_core/python/ops/math_grad.py:1424: where (from tensorflow.python.ops.array_ops) is deprecated and will be removed in a future version.
Instructions for updating:
Use tf.where in 2.0, which has the same broadcast rule as np.where
WARNING:tensorflow:From /__w/tkge-benchmark/tkge-benchmark/repos/HyTE/time_proj_tdns_scope.py:530: The name tf.assign is deprecated. Please use tf.compat.v1.assign instead.

WARNING:tensorflow:From /__w/tkge-benchmark/tkge-benchmark/repos/HyTE/time_proj_tdns_scope.py:530: calling l2_normalize (from tensorflow.python.ops.nn_impl) with dim is deprecated and will be removed in a future version.
Instructions for updating:
dim is deprecated, use axis instead
WARNING:tensorflow:From /__w/tkge-benchmark/tkge-benchmark/repos/HyTE/time_proj_tdns_scope.py:544: The name tf.summary.merge_all is deprecated. Please use tf.compat.v1.summary.merge_all instead.

model done
model object created
WARNING:tensorflow:From /__w/tkge-benchmark/tkge-benchmark/repos/HyTE/time_proj_tdns_scope.py:672: The name tf.ConfigProto is deprecated. Please use tf.compat.v1.ConfigProto instead.

WARNING:tensorflow:From /__w/tkge-benchmark/tkge-benchmark/repos/HyTE/time_proj_tdns_scope.py:674: The name tf.Session is deprecated. Please use tf.compat.v1.Session instead.

2026-07-13 10:01:48.748376: I tensorflow/core/platform/cpu_feature_guard.cc:142] Your CPU supports instructions that this TensorFlow binary was not compiled to use: AVX2 AVX512F FMA
2026-07-13 10:01:48.751985: I tensorflow/core/platform/profile_utils/cpu_utils.cc:94] CPU Frequency: 2299995000 Hz
2026-07-13 10:01:48.752239: I tensorflow/compiler/xla/service/service.cc:168] XLA service 0x55d3959df1b0 initialized for platform Host (this does not guarantee that XLA will be used). Devices:
2026-07-13 10:01:48.752263: I tensorflow/compiler/xla/service/service.cc:176]   StreamExecutor device (0): Host, Default Version
WARNING:tensorflow:From /__w/tkge-benchmark/tkge-benchmark/repos/HyTE/time_proj_tdns_scope.py:675: The name tf.global_variables_initializer is deprecated. Please use tf.compat.v1.global_variables_initializer instead.

enter fitting
WARNING:tensorflow:From /__w/tkge-benchmark/tkge-benchmark/repos/HyTE/time_proj_tdns_scope.py:561: The name tf.train.Saver is deprecated. Please use tf.compat.v1.train.Saver instead.

start fitting
Epoch 0	Loss 25239.677734375	 model scope_year_sel_13_07_2026_10:01:47
Epoch 20	Loss 22387.259765625	 model scope_year_sel_13_07_2026_10:01:47
Epoch 40	Loss 19726.103515625	 model scope_year_sel_13_07_2026_10:01:47
Epoch 60	Loss 17110.744140625	 model scope_year_sel_13_07_2026_10:01:47
Epoch 80	Loss 14488.296875	 model scope_year_sel_13_07_2026_10:01:47
Epoch 100	Loss 12456.2626953125	 model scope_year_sel_13_07_2026_10:01:47
0. no of valid_triples complete
Validation Ended
Epoch 120	Loss 11038.9609375	 model scope_year_sel_13_07_2026_10:01:47
Epoch 140	Loss 9828.8046875	 model scope_year_sel_13_07_2026_10:01:47
Epoch 160	Loss 8807.4482421875	 model scope_year_sel_13_07_2026_10:01:47
Epoch 180	Loss 7549.4462890625	 model scope_year_sel_13_07_2026_10:01:47
Epoch 200	Loss 6078.89501953125	 model scope_year_sel_13_07_2026_10:01:47
0. no of valid_triples complete
Validation Ended
Epoch 220	Loss 4804.6904296875	 model scope_year_sel_13_07_2026_10:01:47
Epoch 240	Loss 3864.194580078125	 model scope_year_sel_13_07_2026_10:01:47
Epoch 260	Loss 3114.404296875	 model scope_year_sel_13_07_2026_10:01:47
Epoch 280	Loss 2499.52099609375	 model scope_year_sel_13_07_2026_10:01:47
Epoch 300	Loss 2008.20703125	 model scope_year_sel_13_07_2026_10:01:47
0. no of valid_triples complete
Validation Ended
Epoch 320	Loss 1665.0938720703125	 model scope_year_sel_13_07_2026_10:01:47
Epoch 340	Loss 1398.3353271484375	 model scope_year_sel_13_07_2026_10:01:47
Epoch 360	Loss 1237.097900390625	 model scope_year_sel_13_07_2026_10:01:47
Epoch 380	Loss 1071.1905517578125	 model scope_year_sel_13_07_2026_10:01:47
Epoch 400	Loss 957.5079956054688	 model scope_year_sel_13_07_2026_10:01:47
0. no of valid_triples complete
Validation Ended
Epoch 420	Loss 845.4827880859375	 model scope_year_sel_13_07_2026_10:01:47
Epoch 440	Loss 780.8829956054688	 model scope_year_sel_13_07_2026_10:01:47
Epoch 460	Loss 706.6522827148438	 model scope_year_sel_13_07_2026_10:01:47
Epoch 480	Loss 656.9420776367188	 model scope_year_sel_13_07_2026_10:01:47
Epoch 500	Loss 599.1209716796875	 model scope_year_sel_13_07_2026_10:01:47
0. no of valid_triples complete
Validation Ended
Epoch 520	Loss 559.6138916015625	 model scope_year_sel_13_07_2026_10:01:47
Epoch 540	Loss 513.555419921875	 model scope_year_sel_13_07_2026_10:01:47
Epoch 560	Loss 484.2101135253906	 model scope_year_sel_13_07_2026_10:01:47
Epoch 580	Loss 443.5751953125	 model scope_year_sel_13_07_2026_10:01:47
Epoch 600	Loss 425.7961120605469	 model scope_year_sel_13_07_2026_10:01:47
0. no of valid_triples complete
Validation Ended
Epoch 620	Loss 402.87677001953125	 model scope_year_sel_13_07_2026_10:01:47
Epoch 640	Loss 374.508544921875	 model scope_year_sel_13_07_2026_10:01:47
Epoch 660	Loss 365.2855529785156	 model scope_year_sel_13_07_2026_10:01:47
Epoch 680	Loss 346.5268859863281	 model scope_year_sel_13_07_2026_10:01:47
Epoch 700	Loss 334.1091613769531	 model scope_year_sel_13_07_2026_10:01:47
0. no of valid_triples complete
Validation Ended
Epoch 720	Loss 319.6293029785156	 model scope_year_sel_13_07_2026_10:01:47
Epoch 740	Loss 312.8133850097656	 model scope_year_sel_13_07_2026_10:01:47
Epoch 760	Loss 296.6887512207031	 model scope_year_sel_13_07_2026_10:01:47
Epoch 780	Loss 291.0573425292969	 model scope_year_sel_13_07_2026_10:01:47
Epoch 800	Loss 262.76641845703125	 model scope_year_sel_13_07_2026_10:01:47
0. no of valid_triples complete
Validation Ended
Epoch 820	Loss 278.89764404296875	 model scope_year_sel_13_07_2026_10:01:47
Epoch 840	Loss 271.8414306640625	 model scope_year_sel_13_07_2026_10:01:47
Epoch 860	Loss 258.1778869628906	 model scope_year_sel_13_07_2026_10:01:47
Epoch 880	Loss 256.1916198730469	 model scope_year_sel_13_07_2026_10:01:47
Epoch 900	Loss 252.75611877441406	 model scope_year_sel_13_07_2026_10:01:47
0. no of valid_triples complete
Validation Ended
Epoch 920	Loss 234.05885314941406	 model scope_year_sel_13_07_2026_10:01:47
Epoch 940	Loss 235.43162536621094	 model scope_year_sel_13_07_2026_10:01:47
Epoch 960	Loss 235.666015625	 model scope_year_sel_13_07_2026_10:01:47
Epoch 980	Loss 232.88771057128906	 model scope_year_sel_13_07_2026_10:01:47
CMD[test]: python time_proj_tdns_scope.py -name scope_year_test -margin 10 -l2 0.00 -neg_sample 5 -gpu  -batch 2500 -seed 1234 -epoch 1000 -test_freq 100 -data_type yago -version large
here in main
WARNING:tensorflow:From /__w/tkge-benchmark/tkge-benchmark/repos/HyTE/time_proj_tdns_scope.py:666: The name tf.set_random_seed is deprecated. Please use tf.compat.v1.set_random_seed instead.

WARNING:tensorflow:From /__w/tkge-benchmark/tkge-benchmark/repos/HyTE/time_proj_tdns_scope.py:427: The name tf.placeholder is deprecated. Please use tf.compat.v1.placeholder instead.

WARNING:tensorflow:From /__w/tkge-benchmark/tkge-benchmark/repos/HyTE/time_proj_tdns_scope.py:435: The name tf.placeholder_with_default is deprecated. Please use tf.compat.v1.placeholder_with_default instead.

WARNING:tensorflow:From /__w/tkge-benchmark/tkge-benchmark/repos/HyTE/time_proj_tdns_scope.py:468: The name tf.get_variable is deprecated. Please use tf.compat.v1.get_variable instead.

WARNING:tensorflow:
The TensorFlow contrib module will not be included in TensorFlow 2.0.
For more information, please see:
  * https://github.com/tensorflow/community/blob/master/rfcs/20180907-contrib-sunset.md
  * https://github.com/tensorflow/addons
  * https://github.com/tensorflow/io (for I/O related ops)
If you depend on functionality not listed there, please file an issue.

WARNING:tensorflow:From /__w/tkge-benchmark/tkge-benchmark/repos/HyTE/time_proj_tdns_scope.py:511: calling reduce_sum_v1 (from tensorflow.python.ops.math_ops) with keep_dims is deprecated and will be removed in a future version.
Instructions for updating:
keep_dims is deprecated, use keepdims instead
WARNING:tensorflow:From /__w/tkge-benchmark/tkge-benchmark/repos/HyTE/time_proj_tdns_scope.py:526: The name tf.train.AdamOptimizer is deprecated. Please use tf.compat.v1.train.AdamOptimizer instead.

WARNING:tensorflow:From /usr/local/lib/python3.7/site-packages/tensorflow_core/python/ops/math_grad.py:1424: where (from tensorflow.python.ops.array_ops) is deprecated and will be removed in a future version.
Instructions for updating:
Use tf.where in 2.0, which has the same broadcast rule as np.where
WARNING:tensorflow:From /__w/tkge-benchmark/tkge-benchmark/repos/HyTE/time_proj_tdns_scope.py:530: The name tf.assign is deprecated. Please use tf.compat.v1.assign instead.

WARNING:tensorflow:From /__w/tkge-benchmark/tkge-benchmark/repos/HyTE/time_proj_tdns_scope.py:530: calling l2_normalize (from tensorflow.python.ops.nn_impl) with dim is deprecated and will be removed in a future version.
Instructions for updating:
dim is deprecated, use axis instead
WARNING:tensorflow:From /__w/tkge-benchmark/tkge-benchmark/repos/HyTE/time_proj_tdns_scope.py:544: The name tf.summary.merge_all is deprecated. Please use tf.compat.v1.summary.merge_all instead.

model done
model object created
WARNING:tensorflow:From /__w/tkge-benchmark/tkge-benchmark/repos/HyTE/time_proj_tdns_scope.py:672: The name tf.ConfigProto is deprecated. Please use tf.compat.v1.ConfigProto instead.

WARNING:tensorflow:From /__w/tkge-benchmark/tkge-benchmark/repos/HyTE/time_proj_tdns_scope.py:674: The name tf.Session is deprecated. Please use tf.compat.v1.Session instead.

2026-07-13 10:03:14.939963: I tensorflow/core/platform/cpu_feature_guard.cc:142] Your CPU supports instructions that this TensorFlow binary was not compiled to use: AVX2 AVX512F FMA
2026-07-13 10:03:14.943528: I tensorflow/core/platform/profile_utils/cpu_utils.cc:94] CPU Frequency: 2299995000 Hz
2026-07-13 10:03:14.943736: I tensorflow/compiler/xla/service/service.cc:168] XLA service 0x55cf03155250 initialized for platform Host (this does not guarantee that XLA will be used). Devices:
2026-07-13 10:03:14.943771: I tensorflow/compiler/xla/service/service.cc:176]   StreamExecutor device (0): Host, Default Version
WARNING:tensorflow:From /__w/tkge-benchmark/tkge-benchmark/repos/HyTE/time_proj_tdns_scope.py:675: The name tf.global_variables_initializer is deprecated. Please use tf.compat.v1.global_variables_initializer instead.

enter fitting
WARNING:tensorflow:From /__w/tkge-benchmark/tkge-benchmark/repos/HyTE/time_proj_tdns_scope.py:561: The name tf.train.Saver is deprecated. Please use tf.compat.v1.train.Saver instead.

start fitting
Epoch 0	Loss 25239.677734375	 model scope_year_test_13_07_2026_10:03:14
Epoch 20	Loss 22387.259765625	 model scope_year_test_13_07_2026_10:03:14
Epoch 40	Loss 19726.103515625	 model scope_year_test_13_07_2026_10:03:14
Epoch 60	Loss 17110.744140625	 model scope_year_test_13_07_2026_10:03:14
Epoch 80	Loss 14488.296875	 model scope_year_test_13_07_2026_10:03:14
Epoch 100	Loss 12456.2626953125	 model scope_year_test_13_07_2026_10:03:14
0. no of valid_triples complete
Validation Ended
Epoch 120	Loss 11038.9609375	 model scope_year_test_13_07_2026_10:03:14
Epoch 140	Loss 9828.8046875	 model scope_year_test_13_07_2026_10:03:14
Epoch 160	Loss 8807.4482421875	 model scope_year_test_13_07_2026_10:03:14
Epoch 180	Loss 7549.4462890625	 model scope_year_test_13_07_2026_10:03:14
Epoch 200	Loss 6078.89501953125	 model scope_year_test_13_07_2026_10:03:14
0. no of valid_triples complete
Validation Ended
Epoch 220	Loss 4804.6904296875	 model scope_year_test_13_07_2026_10:03:14
Epoch 240	Loss 3864.194580078125	 model scope_year_test_13_07_2026_10:03:14
Epoch 260	Loss 3114.404296875	 model scope_year_test_13_07_2026_10:03:14
Epoch 280	Loss 2499.52099609375	 model scope_year_test_13_07_2026_10:03:14
Epoch 300	Loss 2008.20703125	 model scope_year_test_13_07_2026_10:03:14
0. no of valid_triples complete
Validation Ended
Epoch 320	Loss 1665.0938720703125	 model scope_year_test_13_07_2026_10:03:14
Epoch 340	Loss 1398.3353271484375	 model scope_year_test_13_07_2026_10:03:14
Epoch 360	Loss 1237.097900390625	 model scope_year_test_13_07_2026_10:03:14
Epoch 380	Loss 1071.1905517578125	 model scope_year_test_13_07_2026_10:03:14
Epoch 400	Loss 957.5079956054688	 model scope_year_test_13_07_2026_10:03:14
0. no of valid_triples complete
Validation Ended
Epoch 420	Loss 845.4827880859375	 model scope_year_test_13_07_2026_10:03:14
Epoch 440	Loss 780.8829956054688	 model scope_year_test_13_07_2026_10:03:14
Epoch 460	Loss 706.6522827148438	 model scope_year_test_13_07_2026_10:03:14
Epoch 480	Loss 656.9420776367188	 model scope_year_test_13_07_2026_10:03:14
Epoch 500	Loss 599.1209716796875	 model scope_year_test_13_07_2026_10:03:14
0. no of valid_triples complete
Validation Ended
Epoch 520	Loss 559.6138916015625	 model scope_year_test_13_07_2026_10:03:14
Epoch 540	Loss 513.555419921875	 model scope_year_test_13_07_2026_10:03:14
Epoch 560	Loss 484.2101135253906	 model scope_year_test_13_07_2026_10:03:14
Epoch 580	Loss 443.5751953125	 model scope_year_test_13_07_2026_10:03:14
Epoch 600	Loss 425.7961120605469	 model scope_year_test_13_07_2026_10:03:14
0. no of valid_triples complete
Validation Ended
Epoch 620	Loss 402.87677001953125	 model scope_year_test_13_07_2026_10:03:14
Epoch 640	Loss 374.508544921875	 model scope_year_test_13_07_2026_10:03:14
Epoch 660	Loss 365.2855529785156	 model scope_year_test_13_07_2026_10:03:14
Epoch 680	Loss 346.5268859863281	 model scope_year_test_13_07_2026_10:03:14
Epoch 700	Loss 334.1091613769531	 model scope_year_test_13_07_2026_10:03:14
0. no of valid_triples complete
Validation Ended
Epoch 720	Loss 319.6293029785156	 model scope_year_test_13_07_2026_10:03:14
Epoch 740	Loss 312.8133850097656	 model scope_year_test_13_07_2026_10:03:14
Epoch 760	Loss 296.6887512207031	 model scope_year_test_13_07_2026_10:03:14
Epoch 780	Loss 291.0573425292969	 model scope_year_test_13_07_2026_10:03:14
Epoch 800	Loss 262.76641845703125	 model scope_year_test_13_07_2026_10:03:14
0. no of valid_triples complete
Validation Ended
Epoch 820	Loss 278.89764404296875	 model scope_year_test_13_07_2026_10:03:14
Epoch 840	Loss 271.8414306640625	 model scope_year_test_13_07_2026_10:03:14
Epoch 860	Loss 258.1778869628906	 model scope_year_test_13_07_2026_10:03:14
Epoch 880	Loss 256.1916198730469	 model scope_year_test_13_07_2026_10:03:14
Epoch 900	Loss 252.75611877441406	 model scope_year_test_13_07_2026_10:03:14
0. no of valid_triples complete
Validation Ended
Epoch 920	Loss 234.05885314941406	 model scope_year_test_13_07_2026_10:03:14
Epoch 940	Loss 235.43162536621094	 model scope_year_test_13_07_2026_10:03:14
Epoch 960	Loss 235.666015625	 model scope_year_test_13_07_2026_10:03:14
Epoch 980	Loss 232.88771057128906	 model scope_year_test_13_07_2026_10:03:14
scope_year_sel_13_07_2026_10:01:47
Epoch 100 :  time_rank 4.086294416243655
Epoch 200 :  time_rank 4.309644670050761
Epoch 300 :  time_rank 4.5126903553299496
Epoch 400 :  time_rank 4.482233502538071
Epoch 500 :  time_rank 4.401015228426396
Epoch 600 :  time_rank 4.370558375634518
Epoch 700 :  time_rank 4.3604060913705585
Epoch 800 :  time_rank 4.289340101522843
Epoch 900 :  time_rank 4.299492385786802
BEST_EPOCH=100 SEL_MEAN_RANK(0-based)=4.086294416243655
ckpt sha256 sel=0d3112f6592b2533be4a0751230f5ec7064dbfb37ac27a76778359c742d90d33 test=0d3112f6592b2533be4a0751230f5ec7064dbfb37ac27a76778359c742d90d33 match=true
