CMD: python /home/runner/work/tkge-benchmark/tkge-benchmark/repos/ATISE/Main.py --dataset yago --model TERO --dim 500 --lr 0.1 --gamma 110 --loss logloss --timedisc 1 --cuda  --gran 1 --thre 1 --max_epoch 250
Namespace(task='LinkPrediction', model='TERO', dataset='yago', max_epoch=250, dim=500, batch=512, lr=0.1, gamma=110.0, eta=10, timedisc=1, cuda=False, loss='logloss', cmin=0.005, gran=1, thre=1)
-----Loading entity dict-----
#entity: 1605
-----Loading relation dict-----
#relation: 6
-----Loading training triples-----
#training triple: 3160
-----Loading validation triples-----
#validation triple: 197
-----Loading test triples------
#test triple: 198
creating filtering lists
data preprocess completed
Epoch-1
————————————————
/home/runner/work/tkge-benchmark/tkge-benchmark/repos/ATISE/model.py:121: UserWarning: Implicit dimension choice for softmax has been deprecated. Change the call to include dim=X as an argument.
  p = F.softmax(temp * y_neg)
Iter-0; loss: 53.3629;time per batch:0.0755s
Epoch-2
————————————————
Iter-0; loss: 4.7780;time per batch:0.0526s
Epoch-3
————————————————
Iter-0; loss: 2.2189;time per batch:0.0478s
Epoch-4
————————————————
Iter-0; loss: 1.5193;time per batch:0.0474s
Epoch-5
————————————————
Iter-0; loss: 1.2685;time per batch:0.0492s
Epoch-6
————————————————
Iter-0; loss: 1.4853;time per batch:0.0466s
Epoch-7
————————————————
Iter-0; loss: 1.4608;time per batch:0.0478s
Epoch-8
————————————————
Iter-0; loss: 0.9462;time per batch:0.0470s
Epoch-9
————————————————
Iter-0; loss: 0.9986;time per batch:0.0501s
Epoch-10
————————————————
Iter-0; loss: 1.1103;time per batch:0.0480s
Epoch-11
————————————————
Iter-0; loss: 0.9027;time per batch:0.0481s
Epoch-12
————————————————
Iter-0; loss: 0.9218;time per batch:0.0483s
Epoch-13
————————————————
Iter-0; loss: 0.9192;time per batch:0.0461s
Epoch-14
————————————————
Iter-0; loss: 0.7830;time per batch:0.0470s
Epoch-15
————————————————
Iter-0; loss: 0.7265;time per batch:0.0478s
Epoch-16
————————————————
Iter-0; loss: 0.8835;time per batch:0.0483s
Epoch-17
————————————————
Iter-0; loss: 0.9732;time per batch:0.0480s
Epoch-18
————————————————
Iter-0; loss: 0.6417;time per batch:0.0516s
Epoch-19
————————————————
Iter-0; loss: 0.8079;time per batch:0.0490s
Epoch-20
————————————————
Iter-0; loss: 0.6427;time per batch:0.0510s
Epoch-21
————————————————
Iter-0; loss: 0.7760;time per batch:0.0531s
Epoch-22
————————————————
Iter-0; loss: 0.6003;time per batch:0.0492s
Epoch-23
————————————————
Iter-0; loss: 0.5463;time per batch:0.0484s
Epoch-24
————————————————
Iter-0; loss: 0.9189;time per batch:0.0506s
Epoch-25
————————————————
Iter-0; loss: 0.6980;time per batch:0.0503s
Epoch-26
————————————————
Iter-0; loss: 0.6451;time per batch:0.0494s
Epoch-27
————————————————
Iter-0; loss: 0.6730;time per batch:0.0471s
Epoch-28
————————————————
Iter-0; loss: 0.6328;time per batch:0.0471s
Epoch-29
————————————————
Iter-0; loss: 0.6521;time per batch:0.0517s
Epoch-30
————————————————
Iter-0; loss: 0.6249;time per batch:0.0485s
Epoch-31
————————————————
Iter-0; loss: 0.7771;time per batch:0.0460s
Epoch-32
————————————————
Iter-0; loss: 0.6185;time per batch:0.0478s
Epoch-33
————————————————
Iter-0; loss: 0.6046;time per batch:0.0473s
Epoch-34
————————————————
Iter-0; loss: 0.6440;time per batch:0.0477s
Epoch-35
————————————————
Iter-0; loss: 0.6237;time per batch:0.0463s
Epoch-36
————————————————
Iter-0; loss: 0.5565;time per batch:0.0509s
Epoch-37
————————————————
Iter-0; loss: 0.6023;time per batch:0.0472s
Epoch-38
————————————————
Iter-0; loss: 0.4542;time per batch:0.0493s
Epoch-39
————————————————
Iter-0; loss: 0.4196;time per batch:0.0471s
Epoch-40
————————————————
Iter-0; loss: 0.5397;time per batch:0.0475s
Epoch-41
————————————————
Iter-0; loss: 0.6595;time per batch:0.0469s
Epoch-42
————————————————
Iter-0; loss: 0.6480;time per batch:0.0608s
Epoch-43
————————————————
Iter-0; loss: 0.4693;time per batch:0.0491s
Epoch-44
————————————————
Iter-0; loss: 0.6369;time per batch:0.0481s
Epoch-45
————————————————
Iter-0; loss: 0.4075;time per batch:0.0486s
Epoch-46
————————————————
Iter-0; loss: 0.5609;time per batch:0.0474s
Epoch-47
————————————————
Iter-0; loss: 0.4294;time per batch:0.0484s
Epoch-48
————————————————
Iter-0; loss: 0.4267;time per batch:0.0507s
Epoch-49
————————————————
Iter-0; loss: 0.4555;time per batch:0.0469s
Epoch-50
————————————————
Iter-0; loss: 0.4834;time per batch:0.0489s
validation results:
Mean Rank: 607
Mean RR: 0.1276
Hit@1: 0.0812
Hit@3: 0.1421
Hit@5: 0.1548
Hit@10: 0.2030
Epoch-51
————————————————
Iter-0; loss: 0.4650;time per batch:0.0474s
Epoch-52
————————————————
Iter-0; loss: 0.5283;time per batch:0.0479s
Epoch-53
————————————————
Iter-0; loss: 0.3427;time per batch:0.0468s
Epoch-54
————————————————
Iter-0; loss: 0.4413;time per batch:0.0476s
Epoch-55
————————————————
Iter-0; loss: 0.4031;time per batch:0.0472s
Epoch-56
————————————————
Iter-0; loss: 0.4878;time per batch:0.0486s
Epoch-57
————————————————
Iter-0; loss: 0.4713;time per batch:0.0472s
Epoch-58
————————————————
Iter-0; loss: 0.4163;time per batch:0.0468s
Epoch-59
————————————————
Iter-0; loss: 0.4434;time per batch:0.0480s
Epoch-60
————————————————
Iter-0; loss: 0.3337;time per batch:0.0483s
Epoch-61
————————————————
Iter-0; loss: 0.5622;time per batch:0.0481s
Epoch-62
————————————————
Iter-0; loss: 0.5937;time per batch:0.0478s
Epoch-63
————————————————
Iter-0; loss: 0.4531;time per batch:0.0472s
Epoch-64
————————————————
Iter-0; loss: 0.5295;time per batch:0.0467s
Epoch-65
————————————————
Iter-0; loss: 0.4027;time per batch:0.0482s
Epoch-66
————————————————
Iter-0; loss: 0.4512;time per batch:0.0500s
Epoch-67
————————————————
Iter-0; loss: 0.5635;time per batch:0.0479s
Epoch-68
————————————————
Iter-0; loss: 0.3934;time per batch:0.0471s
Epoch-69
————————————————
Iter-0; loss: 0.4726;time per batch:0.0473s
Epoch-70
————————————————
Iter-0; loss: 0.5250;time per batch:0.0474s
Epoch-71
————————————————
Iter-0; loss: 0.4987;time per batch:0.0465s
Epoch-72
————————————————
Iter-0; loss: 0.4822;time per batch:0.0475s
Epoch-73
————————————————
Iter-0; loss: 0.4254;time per batch:0.0495s
Epoch-74
————————————————
Iter-0; loss: 0.3967;time per batch:0.0471s
Epoch-75
————————————————
Iter-0; loss: 0.4172;time per batch:0.0487s
Epoch-76
————————————————
Iter-0; loss: 0.4740;time per batch:0.0462s
Epoch-77
————————————————
Iter-0; loss: 0.4779;time per batch:0.0466s
Epoch-78
————————————————
Iter-0; loss: 0.4607;time per batch:0.0493s
Epoch-79
————————————————
Iter-0; loss: 0.4029;time per batch:0.0486s
Epoch-80
————————————————
Iter-0; loss: 0.3480;time per batch:0.0491s
Epoch-81
————————————————
Iter-0; loss: 0.3708;time per batch:0.0479s
Epoch-82
————————————————
Iter-0; loss: 0.4414;time per batch:0.0509s
Epoch-83
————————————————
Iter-0; loss: 0.4259;time per batch:0.0492s
Epoch-84
————————————————
Iter-0; loss: 0.3964;time per batch:0.0474s
Epoch-85
————————————————
Iter-0; loss: 0.3243;time per batch:0.0486s
Epoch-86
————————————————
Iter-0; loss: 0.4250;time per batch:0.0518s
Epoch-87
————————————————
Iter-0; loss: 0.4256;time per batch:0.0488s
Epoch-88
————————————————
Iter-0; loss: 0.4965;time per batch:0.0515s
Epoch-89
————————————————
Iter-0; loss: 0.5040;time per batch:0.0539s
Epoch-90
————————————————
Iter-0; loss: 0.2737;time per batch:0.0489s
Epoch-91
————————————————
Iter-0; loss: 0.2989;time per batch:0.0468s
Epoch-92
————————————————
Iter-0; loss: 0.3386;time per batch:0.0521s
Epoch-93
————————————————
Iter-0; loss: 0.4218;time per batch:0.0491s
Epoch-94
————————————————
Iter-0; loss: 0.4523;time per batch:0.0487s
Epoch-95
————————————————
Iter-0; loss: 0.5001;time per batch:0.0493s
Epoch-96
————————————————
Iter-0; loss: 0.3536;time per batch:0.0481s
Epoch-97
————————————————
Iter-0; loss: 0.3920;time per batch:0.0493s
Epoch-98
————————————————
Iter-0; loss: 0.5175;time per batch:0.0479s
Epoch-99
————————————————
Iter-0; loss: 0.3642;time per batch:0.0498s
Epoch-100
————————————————
Iter-0; loss: 0.4619;time per batch:0.0478s
validation results:
Mean Rank: 596
Mean RR: 0.1474
Hit@1: 0.1015
Hit@3: 0.1497
Hit@5: 0.1701
Hit@10: 0.2487
Epoch-101
————————————————
Iter-0; loss: 0.3493;time per batch:0.0476s
Epoch-102
————————————————
Iter-0; loss: 0.3837;time per batch:0.0469s
Epoch-103
————————————————
Iter-0; loss: 0.4083;time per batch:0.0472s
Epoch-104
————————————————
Iter-0; loss: 0.4178;time per batch:0.0496s
Epoch-105
————————————————
Iter-0; loss: 0.4127;time per batch:0.0491s
Epoch-106
————————————————
Iter-0; loss: 0.5690;time per batch:0.0491s
Epoch-107
————————————————
Iter-0; loss: 0.3914;time per batch:0.0478s
Epoch-108
————————————————
Iter-0; loss: 0.4750;time per batch:0.0482s
Epoch-109
————————————————
Iter-0; loss: 0.3433;time per batch:0.0475s
Epoch-110
————————————————
Iter-0; loss: 0.4121;time per batch:0.0511s
Epoch-111
————————————————
Iter-0; loss: 0.3730;time per batch:0.0502s
Epoch-112
————————————————
Iter-0; loss: 0.4301;time per batch:0.0481s
Epoch-113
————————————————
Iter-0; loss: 0.3487;time per batch:0.0496s
Epoch-114
————————————————
Iter-0; loss: 0.3240;time per batch:0.0500s
Epoch-115
————————————————
Iter-0; loss: 0.4440;time per batch:0.0473s
Epoch-116
————————————————
Iter-0; loss: 0.4712;time per batch:0.0508s
Epoch-117
————————————————
Iter-0; loss: 0.4335;time per batch:0.0501s
Epoch-118
————————————————
Iter-0; loss: 0.3775;time per batch:0.0471s
Epoch-119
————————————————
Iter-0; loss: 0.3823;time per batch:0.0458s
Epoch-120
————————————————
Iter-0; loss: 0.2885;time per batch:0.0484s
Epoch-121
————————————————
Iter-0; loss: 0.3837;time per batch:0.0544s
Epoch-122
————————————————
Iter-0; loss: 0.3818;time per batch:0.0467s
Epoch-123
————————————————
Iter-0; loss: 0.2868;time per batch:0.0541s
Epoch-124
————————————————
Iter-0; loss: 0.3926;time per batch:0.0466s
Epoch-125
————————————————
Iter-0; loss: 0.4651;time per batch:0.0471s
Epoch-126
————————————————
Iter-0; loss: 0.3252;time per batch:0.0480s
Epoch-127
————————————————
Iter-0; loss: 0.4839;time per batch:0.0513s
Epoch-128
————————————————
Iter-0; loss: 0.3823;time per batch:0.0468s
Epoch-129
————————————————
Iter-0; loss: 0.4308;time per batch:0.0504s
Epoch-130
————————————————
Iter-0; loss: 0.3614;time per batch:0.0491s
Epoch-131
————————————————
Iter-0; loss: 0.2744;time per batch:0.0491s
Epoch-132
————————————————
Iter-0; loss: 0.2118;time per batch:0.0479s
Epoch-133
————————————————
Iter-0; loss: 0.4122;time per batch:0.0470s
Epoch-134
————————————————
Iter-0; loss: 0.3329;time per batch:0.0483s
Epoch-135
————————————————
Iter-0; loss: 0.3116;time per batch:0.0476s
Epoch-136
————————————————
Iter-0; loss: 0.3328;time per batch:0.0480s
Epoch-137
————————————————
Iter-0; loss: 0.3660;time per batch:0.0481s
Epoch-138
————————————————
Iter-0; loss: 0.3310;time per batch:0.0546s
Epoch-139
————————————————
Iter-0; loss: 0.4963;time per batch:0.0511s
Epoch-140
————————————————
Iter-0; loss: 0.3867;time per batch:0.0470s
Epoch-141
————————————————
Iter-0; loss: 0.2913;time per batch:0.0499s
Epoch-142
————————————————
Iter-0; loss: 0.3818;time per batch:0.0469s
Epoch-143
————————————————
Iter-0; loss: 0.3509;time per batch:0.0484s
Epoch-144
————————————————
Iter-0; loss: 0.4494;time per batch:0.0588s
Epoch-145
————————————————
Iter-0; loss: 0.3611;time per batch:0.0475s
Epoch-146
————————————————
Iter-0; loss: 0.4031;time per batch:0.0466s
Epoch-147
————————————————
Iter-0; loss: 0.3411;time per batch:0.0481s
Epoch-148
————————————————
Iter-0; loss: 0.2262;time per batch:0.0485s
Epoch-149
————————————————
Iter-0; loss: 0.4484;time per batch:0.0501s
Epoch-150
————————————————
Iter-0; loss: 0.2802;time per batch:0.0492s
validation results:
Mean Rank: 594
Mean RR: 0.1477
Hit@1: 0.0990
Hit@3: 0.1548
Hit@5: 0.1751
Hit@10: 0.2335
Epoch-151
————————————————
Iter-0; loss: 0.3712;time per batch:0.0474s
Epoch-152
————————————————
Iter-0; loss: 0.3486;time per batch:0.0514s
Epoch-153
————————————————
Iter-0; loss: 0.4343;time per batch:0.0504s
Epoch-154
————————————————
Iter-0; loss: 0.3363;time per batch:0.0519s
Epoch-155
————————————————
Iter-0; loss: 0.3232;time per batch:0.0513s
Epoch-156
————————————————
Iter-0; loss: 0.3231;time per batch:0.0503s
Epoch-157
————————————————
Iter-0; loss: 0.3801;time per batch:0.0494s
Epoch-158
————————————————
Iter-0; loss: 0.3699;time per batch:0.0484s
Epoch-159
————————————————
Iter-0; loss: 0.3241;time per batch:0.0478s
Epoch-160
————————————————
Iter-0; loss: 0.3778;time per batch:0.0473s
Epoch-161
————————————————
Iter-0; loss: 0.2841;time per batch:0.0495s
Epoch-162
————————————————
Iter-0; loss: 0.2636;time per batch:0.0497s
Epoch-163
————————————————
Iter-0; loss: 0.3408;time per batch:0.0473s
Epoch-164
————————————————
Iter-0; loss: 0.3942;time per batch:0.0481s
Epoch-165
————————————————
Iter-0; loss: 0.2802;time per batch:0.0487s
Epoch-166
————————————————
Iter-0; loss: 0.4136;time per batch:0.0497s
Epoch-167
————————————————
Iter-0; loss: 0.3015;time per batch:0.0473s
Epoch-168
————————————————
Iter-0; loss: 0.2833;time per batch:0.0484s
Epoch-169
————————————————
Iter-0; loss: 0.3845;time per batch:0.0488s
Epoch-170
————————————————
Iter-0; loss: 0.4105;time per batch:0.0493s
Epoch-171
————————————————
Iter-0; loss: 0.4245;time per batch:0.0487s
Epoch-172
————————————————
Iter-0; loss: 0.3887;time per batch:0.0474s
Epoch-173
————————————————
Iter-0; loss: 0.4093;time per batch:0.0479s
Epoch-174
————————————————
Iter-0; loss: 0.3124;time per batch:0.0471s
Epoch-175
————————————————
Iter-0; loss: 0.2204;time per batch:0.0490s
Epoch-176
————————————————
Iter-0; loss: 0.3295;time per batch:0.0475s
Epoch-177
————————————————
Iter-0; loss: 0.2968;time per batch:0.0478s
Epoch-178
————————————————
Iter-0; loss: 0.3129;time per batch:0.0483s
Epoch-179
————————————————
Iter-0; loss: 0.3146;time per batch:0.0507s
Epoch-180
————————————————
Iter-0; loss: 0.3365;time per batch:0.0463s
Epoch-181
————————————————
Iter-0; loss: 0.3046;time per batch:0.0489s
Epoch-182
————————————————
Iter-0; loss: 0.3189;time per batch:0.0507s
Epoch-183
————————————————
Iter-0; loss: 0.2941;time per batch:0.0483s
Epoch-184
————————————————
Iter-0; loss: 0.3533;time per batch:0.0480s
Epoch-185
————————————————
Iter-0; loss: 0.2421;time per batch:0.0497s
Epoch-186
————————————————
Iter-0; loss: 0.3265;time per batch:0.0495s
Epoch-187
————————————————
Iter-0; loss: 0.3214;time per batch:0.0477s
Epoch-188
————————————————
Iter-0; loss: 0.2608;time per batch:0.0507s
Epoch-189
————————————————
Iter-0; loss: 0.3071;time per batch:0.0496s
Epoch-190
————————————————
Iter-0; loss: 0.3671;time per batch:0.0491s
Epoch-191
————————————————
Iter-0; loss: 0.3244;time per batch:0.0479s
Epoch-192
————————————————
Iter-0; loss: 0.2827;time per batch:0.0485s
Epoch-193
————————————————
Iter-0; loss: 0.3459;time per batch:0.0488s
Epoch-194
————————————————
Iter-0; loss: 0.3543;time per batch:0.0490s
Epoch-195
————————————————
Iter-0; loss: 0.2778;time per batch:0.0499s
Epoch-196
————————————————
Iter-0; loss: 0.4276;time per batch:0.0481s
Epoch-197
————————————————
Iter-0; loss: 0.2956;time per batch:0.0470s
Epoch-198
————————————————
Iter-0; loss: 0.2539;time per batch:0.0502s
Epoch-199
————————————————
Iter-0; loss: 0.2711;time per batch:0.0471s
Epoch-200
————————————————
Iter-0; loss: 0.2917;time per batch:0.0504s
validation results:
Mean Rank: 596
Mean RR: 0.1609
Hit@1: 0.1117
Hit@3: 0.1701
Hit@5: 0.1980
Hit@10: 0.2640
Epoch-201
————————————————
Iter-0; loss: 0.2515;time per batch:0.0491s
Epoch-202
————————————————
Iter-0; loss: 0.3227;time per batch:0.0490s
Epoch-203
————————————————
Iter-0; loss: 0.2842;time per batch:0.0480s
Epoch-204
————————————————
Iter-0; loss: 0.2786;time per batch:0.0486s
Epoch-205
————————————————
Iter-0; loss: 0.3994;time per batch:0.0480s
Epoch-206
————————————————
Iter-0; loss: 0.2680;time per batch:0.0497s
Epoch-207
————————————————
Iter-0; loss: 0.2750;time per batch:0.0501s
Epoch-208
————————————————
Iter-0; loss: 0.2870;time per batch:0.0480s
Epoch-209
————————————————
Iter-0; loss: 0.2622;time per batch:0.0490s
Epoch-210
————————————————
Iter-0; loss: 0.3161;time per batch:0.0499s
Epoch-211
————————————————
Iter-0; loss: 0.3091;time per batch:0.0521s
Epoch-212
————————————————
Iter-0; loss: 0.2489;time per batch:0.0472s
Epoch-213
————————————————
Iter-0; loss: 0.2463;time per batch:0.0854s
Epoch-214
————————————————
Iter-0; loss: 0.3628;time per batch:0.0493s
Epoch-215
————————————————
Iter-0; loss: 0.4079;time per batch:0.0488s
Epoch-216
————————————————
Iter-0; loss: 0.3082;time per batch:0.0581s
Epoch-217
————————————————
Iter-0; loss: 0.2507;time per batch:0.0477s
Epoch-218
————————————————
Iter-0; loss: 0.3303;time per batch:0.0473s
Epoch-219
————————————————
Iter-0; loss: 0.3140;time per batch:0.0496s
Epoch-220
————————————————
Iter-0; loss: 0.3384;time per batch:0.0506s
Epoch-221
————————————————
Iter-0; loss: 0.2197;time per batch:0.0491s
Epoch-222
————————————————
Iter-0; loss: 0.2980;time per batch:0.0486s
Epoch-223
————————————————
Iter-0; loss: 0.3516;time per batch:0.0494s
Epoch-224
————————————————
Iter-0; loss: 0.3129;time per batch:0.0468s
Epoch-225
————————————————
Iter-0; loss: 0.2872;time per batch:0.0492s
Epoch-226
————————————————
Iter-0; loss: 0.3726;time per batch:0.0472s
Epoch-227
————————————————
Iter-0; loss: 0.3274;time per batch:0.0483s
Epoch-228
————————————————
Iter-0; loss: 0.2687;time per batch:0.0480s
Epoch-229
————————————————
Iter-0; loss: 0.2564;time per batch:0.0478s
Epoch-230
————————————————
Iter-0; loss: 0.3489;time per batch:0.0479s
Epoch-231
————————————————
Iter-0; loss: 0.2882;time per batch:0.0470s
Epoch-232
————————————————
Iter-0; loss: 0.3163;time per batch:0.0497s
Epoch-233
————————————————
Iter-0; loss: 0.2716;time per batch:0.0476s
Epoch-234
————————————————
Iter-0; loss: 0.2330;time per batch:0.0484s
Epoch-235
————————————————
Iter-0; loss: 0.3196;time per batch:0.0467s
Epoch-236
————————————————
Iter-0; loss: 0.3777;time per batch:0.0470s
Epoch-237
————————————————
Iter-0; loss: 0.2315;time per batch:0.0490s
Epoch-238
————————————————
Iter-0; loss: 0.2973;time per batch:0.0487s
Epoch-239
————————————————
Iter-0; loss: 0.2736;time per batch:0.0472s
Epoch-240
————————————————
Iter-0; loss: 0.2816;time per batch:0.0473s
Epoch-241
————————————————
Iter-0; loss: 0.2320;time per batch:0.0476s
Epoch-242
————————————————
Iter-0; loss: 0.3004;time per batch:0.0474s
Epoch-243
————————————————
Iter-0; loss: 0.2612;time per batch:0.0468s
Epoch-244
————————————————
Iter-0; loss: 0.2540;time per batch:0.0483s
Epoch-245
————————————————
Iter-0; loss: 0.2236;time per batch:0.0482s
Epoch-246
————————————————
Iter-0; loss: 0.2864;time per batch:0.0487s
Epoch-247
————————————————
Iter-0; loss: 0.2256;time per batch:0.0485s
Epoch-248
————————————————
Iter-0; loss: 0.3518;time per batch:0.0472s
Epoch-249
————————————————
Iter-0; loss: 0.2614;time per batch:0.0486s
Epoch-250
————————————————
Iter-0; loss: 0.3024;time per batch:0.0498s
validation results:
Mean Rank: 598
Mean RR: 0.1564
Hit@1: 0.1041
Hit@3: 0.1751
Hit@5: 0.1929
Hit@10: 0.2538
